src/app/members/[id]/page.tsx(233,23): error TS2345: Argument of type '(prev: Member | null) => { plan_id: string; plans: { name: string; }; id: string; full_name: string; phone: string; email?: string | undefined; gender?: "Male" | "Female" | "Other" | undefined; ... 38 more ...; pt_sessions_remaining?: number | undefined; }' is not assignable to parameter of type 'SetStateAction<Member | null>'.
  Type '(prev: Member | null) => { plan_id: string; plans: { name: string; }; id: string; full_name: string; phone: string; email?: string | undefined; gender?: "Male" | "Female" | "Other" | undefined; ... 38 more ...; pt_sessions_remaining?: number | undefined; }' is not assignable to type '(prevState: Member | null) => Member | null'.
    Call signature return types '{ plan_id: string; plans: { name: string; }; id: string; full_name: string; phone: string; email?: string | undefined; gender?: "Male" | "Female" | "Other" | undefined; dob?: string | undefined; ... 37 more ...; pt_sessions_remaining?: number | undefined; }' and 'Member | null' are incompatible.
      The types of 'plans' are incompatible between these types.
        Property 'price' is missing in type '{ name: string; }' but required in type '{ name: string; price: number; }'.
